<?xml version='1.0' encoding='UTF-8'?>
<dataset>
  <entry ID="1" DESCRIPTION="description" END="1970-01-18 19:36:12.838" ENTRY_TYPE="PROJECT" NAME="name" START="1970-01-18 19:36:12.838"/>
</dataset>
